// Vitest Snapshot v1, https://vitest.dev/guide/snapshot.html

exports[`Snapshot testing suite > Matches DOM Snapshot 1`] = `
<div
  className="m-auto max-w-[900px]"
>
  <label
    className="text-sm font-medium leading-6 text-gray-900 flex justify-center"
    htmlFor="github_username"
  >
    Github Explorer Repository
  </label>
  <div
    className="pt-8"
  />
  <div
    className="w-full flex justify-center"
  />
</div>
`;
